\BOOKMARK [0][-]{chapter.2}{\376\377\000D\000i\000a\000g\000r\000a\000m\000m\000e\000s\000\040\000d\000e\000\040\000p\000h\000a\000s\000e\000s\000\040\000b\000i\000n\000a\000i\000r\000e\000s\000\040\000\340\000\040\000p\000r\000e\000s\000s\000i\000o\000n\000\040\000c\000o\000n\000s\000t\000a\000n\000t\000e}{}% 1
\BOOKMARK [1][-]{section.2.1}{\376\377\000V\000a\000r\000i\000a\000n\000c\000e}{chapter.2}% 2
\BOOKMARK [2][-]{subsection.2.1.1}{\376\377\000V\000a\000r\000i\000a\000n\000c\000e\000\040\000d\000'\000u\000n\000\040\000s\000y\000s\000t\000\350\000m\000e\000\040\000m\000u\000l\000t\000i\000p\000h\000a\000s\000e}{section.2.1}% 3
\BOOKMARK [2][-]{subsection.2.1.2}{\376\377\000V\000a\000r\000i\000a\000n\000c\000e\000\040\000p\000a\000r\000t\000i\000c\000u\000l\000i\000\350\000r\000e\000\040\000d\000'\000u\000n\000\040\000s\000y\000s\000t\000\350\000m\000e\000\040\000m\000u\000l\000t\000i\000p\000h\000a\000s\000e}{section.2.1}% 4
\BOOKMARK [1][-]{section.2.2}{\376\377\000A\000n\000o\000m\000a\000l\000i\000e\000s\000\040\000t\000h\000e\000r\000m\000i\000q\000u\000e\000s\000\040\000d\000'\000u\000n\000\040\000m\000\351\000l\000a\000n\000g\000e\000\040\000d\000e\000\040\000d\000e\000u\000x\000\040\000c\000o\000r\000p\000s\000\040\000p\000u\000r\000s}{chapter.2}% 5
\BOOKMARK [2][-]{subsection.2.2.1}{\376\377\000\311\000v\000e\000n\000t\000a\000i\000l\000\040\000d\000e\000s\000\040\000p\000o\000s\000s\000i\000b\000i\000l\000i\000t\000\351\000s\000\040\000l\000o\000r\000s\000\040\000d\000'\000u\000n\000\040\000r\000e\000f\000r\000o\000i\000d\000i\000s\000s\000e\000m\000e\000n\000t}{section.2.2}% 6
\BOOKMARK [2][-]{subsection.2.2.2}{\376\377\000R\000e\000l\000a\000t\000i\000o\000n\000\040\000e\000n\000t\000r\000e\000\040\000l\000a\000\040\000s\000t\000r\000u\000c\000t\000u\000r\000e\000\040\000c\000r\000i\000s\000t\000a\000l\000l\000o\000g\000r\000a\000p\000h\000i\000q\000u\000e\000\040\000e\000t\000\040\000l\000e\000\040\000c\000o\000m\000p\000o\000r\000t\000e\000m\000e\000n\000t\000\040\000t\000h\000e\000r\000m\000i\000q\000u\000e}{section.2.2}% 7
\BOOKMARK [3][-]{subsubsection.2.2.2.1}{\376\377\000A\000l\000l\000i\000a\000g\000e\000\040\000d\000e\000\040\000s\000u\000b\000s\000t\000i\000t\000u\000t\000i\000o\000n}{subsection.2.2.2}% 8
\BOOKMARK [3][-]{subsubsection.2.2.2.2}{\376\377\000A\000l\000l\000i\000a\000g\000e\000\040\000d\000'\000i\000n\000s\000e\000r\000t\000i\000o\000n}{subsection.2.2.2}% 9
\BOOKMARK [2][-]{subsection.2.2.3}{\376\377\000\311\000v\000e\000n\000t\000a\000i\000l\000\040\000d\000e\000s\000\040\000p\000o\000s\000s\000i\000b\000i\000l\000i\000t\000\351\000s\000\040\000l\000o\000r\000s\000\040\000d\000'\000u\000n\000\040\000r\000e\000f\000r\000o\000i\000d\000i\000s\000s\000e\000m\000e\000n\000t\000\040\000:\000\040\000D\000S\000C\000\040\000e\000t\000\040\000r\000e\000f\000r\000o\000i\000d\000i\000s\000s\000e\000m\000e\000n\000t\000\040\000t\000h\000e\000r\000m\000i\000q\000u\000e}{section.2.2}% 10
\BOOKMARK [3][-]{subsubsection.2.2.3.1}{\376\377\000C\000o\000r\000p\000s\000\040\000p\000u\000r\000s}{subsection.2.2.3}% 11
\BOOKMARK [3][-]{subsubsection.2.2.3.2}{\376\377\000M\000\351\000l\000a\000n\000g\000e\000\040\000h\000o\000m\000o\000g\000\350\000n\000e\000\040\000\050\000s\000o\000l\000u\000t\000i\000o\000n\000\040\000s\000o\000l\000i\000d\000e\000\051}{subsection.2.2.3}% 12
\BOOKMARK [3][-]{subsubsection.2.2.3.3}{\376\377\000M\000\351\000l\000a\000n\000g\000e\000\040\000h\000\351\000t\000\351\000r\000o\000g\000\350\000n\000e}{subsection.2.2.3}% 13
\BOOKMARK [1][-]{section.2.3}{\376\377\000D\000i\000a\000g\000r\000a\000m\000m\000e\000\040\000d\000e\000\040\000p\000h\000a\000s\000e}{chapter.2}% 14
\BOOKMARK [2][-]{subsection.2.3.1}{\376\377\000D\000i\000a\000g\000r\000a\000m\000m\000e\000\040\000\340\000\040\000f\000u\000s\000e\000a\000u}{section.2.3}% 15
\BOOKMARK [2][-]{subsection.2.3.2}{\376\377\000D\000i\000a\000g\000r\000a\000m\000m\000e\000\040\000\340\000\040\000m\000i\000s\000c\000i\000b\000i\000l\000i\000t\000\351\000\040\000n\000u\000l\000l\000e}{section.2.3}% 16
\BOOKMARK [2][-]{subsection.2.3.3}{\376\377\000D\000i\000a\000g\000r\000a\000m\000m\000e\000\040\000\340\000\040\000m\000i\000s\000c\000i\000b\000i\000l\000i\000t\000\351\000\040\000p\000a\000r\000t\000i\000e\000l\000l\000e}{section.2.3}% 17
\BOOKMARK [2][-]{subsection.2.3.4}{\376\377\000D\000i\000a\000g\000r\000a\000m\000m\000e\000\040\000\340\000\040\000c\000o\000m\000p\000o\000s\000\351\000\040\000d\000\351\000f\000i\000n\000i\000\040\000\050\000\340\000\040\000f\000u\000s\000i\000o\000n\000\040\000c\000o\000n\000g\000r\000u\000e\000n\000t\000e\000\051}{section.2.3}% 18
\BOOKMARK [1][-]{section.2.4}{\376\377\000L\000e\000c\000t\000u\000r\000e\000\040\000e\000t\000\040\000i\000n\000t\000e\000r\000p\000r\000\351\000t\000a\000t\000i\000o\000n\000\040\000d\000e\000s\000\040\000c\000o\000u\000r\000b\000e\000s}{chapter.2}% 19
\BOOKMARK [2][-]{subsection.2.4.1}{\376\377\000A\000x\000e\000\040\000d\000e\000s\000\040\000a\000b\000s\000c\000i\000s\000s\000e\000s\000\040\000:\000\040\000f\000r\000a\000c\000t\000i\000o\000n\000\040\000m\000a\000s\000s\000i\000q\000u\000e\000\040\000e\000t\000/\000o\000u\000\040\000m\000o\000l\000a\000i\000r\000e}{section.2.4}% 20
\BOOKMARK [2][-]{subsection.2.4.2}{\376\377\000T\000h\000\351\000o\000r\000\350\000m\000e\000\040\000d\000e\000\040\000l\000'\000h\000o\000r\000i\000z\000o\000n\000t\000a\000l\000e\000\040\000:\000\040\000f\000r\000a\000c\000t\000i\000o\000n\000\040\000e\000n\000\040\000B\000\040\000d\000a\000n\000s\000\040\000l\000e\000\040\000l\000i\000q\000u\000i\000d\000e\000\040\000e\000t\000\040\000l\000e\000\040\000s\000o\000l\000i\000d\000e}{section.2.4}% 21
\BOOKMARK [2][-]{subsection.2.4.3}{\376\377\000T\000h\000\351\000o\000r\000\350\000m\000e\000\040\000d\000e\000s\000\040\000m\000o\000m\000e\000n\000t\000s\000\040\000:\000\040\000f\000r\000a\000c\000t\000i\000o\000n\000\040\000e\000n\000\040\000l\000i\000q\000u\000i\000d\000e\000\040\000e\000t\000\040\000e\000n\000\040\000s\000o\000l\000i\000d\000e}{section.2.4}% 22
\BOOKMARK [1][-]{section.2.5}{\376\377\000D\000i\000s\000t\000i\000n\000c\000t\000i\000o\000n\000\040\000e\000n\000t\000r\000e\000\040\000p\000h\000a\000s\000e\000s\000\040\000t\000h\000e\000r\000m\000o\000d\000y\000n\000a\000m\000i\000q\000u\000e\000s\000\040\000e\000t\000\040\000p\000h\000a\000s\000e\000s\000\040\000c\000i\000n\000\351\000t\000i\000q\000u\000e\000s}{chapter.2}% 23
\BOOKMARK [2][-]{subsection.2.5.1}{\376\377\000D\000i\000a\000g\000r\000a\000m\000m\000e\000\040\000d\000e\000\040\000p\000h\000a\000s\000e\000\040\000s\000t\000a\000b\000l\000e}{section.2.5}% 24
\BOOKMARK [2][-]{subsection.2.5.2}{\376\377\000D\000i\000a\000g\000r\000a\000m\000m\000e\000\040\000d\000e\000\040\000p\000h\000a\000s\000e\000\040\000m\000\351\000t\000a\000s\000t\000a\000b\000l\000e}{section.2.5}% 25
\BOOKMARK [3][-]{subsubsection.2.5.2.1}{\376\377\000P\000h\000a\000s\000e\000\040\000d\000'\000\351\000q\000u\000i\000l\000i\000b\000r\000e}{subsection.2.5.2}% 26
\BOOKMARK [3][-]{subsubsection.2.5.2.2}{\376\377\000P\000h\000a\000s\000e\000s\000\040\000h\000o\000r\000s\000\040\000\351\000q\000u\000i\000l\000i\000b\000r\000e}{subsection.2.5.2}% 27
