\BOOKMARK [0][-]{chapter.2}{\376\377\000P\000o\000t\000e\000n\000t\000i\000e\000l\000\040\000c\000h\000i\000m\000i\000q\000u\000e\000\040\000e\000t\000\040\000c\000o\000n\000s\000t\000r\000u\000c\000t\000i\000o\000n\000\040\000d\000'\000u\000n\000\040\000d\000i\000a\000g\000r\000a\000m\000m\000e\000\040\000d\000e\000\040\000p\000h\000a\000s\000e}{}% 1
\BOOKMARK [1][-]{section.2.1}{\376\377\000E\000x\000p\000r\000e\000s\000s\000i\000o\000n\000\040\000d\000u\000\040\000p\000o\000t\000e\000n\000t\000i\000e\000l\000\040\000c\000h\000i\000m\000i\000q\000u\000e}{chapter.2}% 2
\BOOKMARK [2][-]{subsection.2.1.1}{\376\377\000P\000o\000t\000e\000n\000t\000i\000e\000l\000\040\000c\000h\000i\000m\000i\000q\000u\000e\000\040\000d\000'\000u\000n\000\040\000m\000\351\000l\000a\000n\000g\000e\000\040\000d\000e\000\040\000g\000a\000z\000\040\000p\000a\000r\000f\000a\000i\000t}{section.2.1}% 3
\BOOKMARK [2][-]{subsection.2.1.2}{\376\377\000P\000o\000t\000e\000n\000t\000i\000e\000l\000\040\000c\000h\000i\000m\000i\000q\000u\000e\000\040\000d\000a\000n\000s\000\040\000u\000n\000\040\000m\000\351\000l\000a\000n\000g\000e\000\040\000q\000u\000e\000l\000c\000o\000n\000q\000u\000e}{section.2.1}% 4
\BOOKMARK [2][-]{subsection.2.1.3}{\376\377\000E\000t\000a\000t\000s\000\040\000d\000e\000\040\000r\000\351\000f\000\351\000r\000e\000n\000c\000e}{section.2.1}% 5
\BOOKMARK [3][-]{subsubsection.2.1.3.1}{\376\377\000E\000t\000a\000t\000\040\000d\000e\000\040\000r\000\351\000f\000\351\000r\000e\000n\000c\000e\000\040\000c\000o\000r\000p\000s\000\040\000p\000u\000r\000\040\000\050\000E\000R\000C\000P\000\051}{subsection.2.1.3}% 6
\BOOKMARK [3][-]{subsubsection.2.1.3.2}{\376\377\000E\000t\000a\000t\000\040\000d\000e\000\040\000r\000\351\000f\000\351\000r\000e\000n\000c\000e\000\040\000i\000n\000f\000i\000n\000i\000m\000e\000n\000t\000\040\000d\000i\000l\000u\000\351\000\040\000\050\000E\000R\000I\000D\000\051}{subsection.2.1.3}% 7
\BOOKMARK [3][-]{subsubsection.2.1.3.3}{\376\377\000I\000n\000t\000e\000r\000p\000r\000\351\000t\000a\000t\000i\000o\000n}{subsection.2.1.3}% 8
\BOOKMARK [1][-]{section.2.2}{\376\377\000M\000i\000s\000c\000i\000b\000i\000l\000i\000t\000\351\000\040\000t\000o\000t\000a\000l\000e\000,\000\040\000p\000a\000r\000t\000i\000e\000l\000l\000e\000\040\000o\000u\000\040\000n\000u\000l\000l\000e}{chapter.2}% 9
\BOOKMARK [2][-]{subsection.2.2.1}{\376\377\000T\000h\000\351\000o\000r\000i\000e\000\040\000d\000e\000s\000\040\000m\000\351\000l\000a\000n\000g\000e\000s}{section.2.2}% 10
\BOOKMARK [2][-]{subsection.2.2.2}{\376\377\000I\000d\000\351\000a\000l\000i\000t\000\351}{section.2.2}% 11
\BOOKMARK [2][-]{subsection.2.2.3}{\376\377\000S\000o\000l\000u\000t\000i\000o\000n\000\040\000r\000\351\000g\000u\000l\000i\000\350\000r\000e}{section.2.2}% 12
\BOOKMARK [2][-]{subsection.2.2.4}{\376\377\000M\000i\000s\000c\000i\000b\000i\000l\000i\000t\000\351\000\040\000p\000a\000r\000t\000i\000e\000l\000l\000e\000\040\000\340\000\040\000n\000u\000l\000l\000e}{section.2.2}% 13
\BOOKMARK [2][-]{subsection.2.2.5}{\376\377\000M\000i\000s\000e\000\040\000e\000n\000\040\000r\000e\000l\000a\000t\000i\000o\000n\000\040\000q\000u\000a\000l\000i\000t\000a\000t\000i\000v\000e\000\040\000d\000e\000\040\000l\000'\000e\000n\000t\000h\000a\000l\000p\000i\000e\000\040\000l\000i\000b\000r\000e\000\040\000d\000'\000u\000n\000\040\000s\000y\000s\000t\000\350\000m\000e\000\040\000a\000v\000e\000c\000\040\000l\000'\000a\000l\000l\000u\000r\000e\000\040\000d\000'\000u\000n\000\040\000d\000i\000a\000g\000r\000a\000m\000m\000e\000\040\000b\000i\000n\000a\000i\000r\000e}{section.2.2}% 14
\BOOKMARK [2][-]{subsection.2.2.6}{\376\377\000L\000e\000c\000t\000u\000r\000e\000\040\000q\000u\000a\000l\000i\000t\000a\000t\000i\000v\000e\000\040\000d\000e\000s\000\040\000p\000o\000t\000e\000n\000t\000i\000e\000l\000s\000\040\000c\000h\000i\000m\000i\000q\000u\000e\000s}{section.2.2}% 15
\BOOKMARK [2][-]{subsection.2.2.7}{\376\377\000C\000o\000m\000p\000a\000r\000a\000i\000s\000o\000n\000\040\000d\000'\000u\000n\000\040\000s\000y\000s\000t\000\350\000m\000e\000\040\000h\000\351\000t\000\351\000r\000o\000g\000\350\000n\000e\000\040\000e\000t\000\040\000d\000'\000u\000n\000\040\000s\000y\000s\000t\000\350\000m\000e\000\040\000h\000o\000m\000o\000g\000\350\000n\000e}{section.2.2}% 16
\BOOKMARK [2][-]{subsection.2.2.8}{\376\377\000E\000x\000e\000m\000p\000l\000e\000\040\000d\000e\000\040\000l\000a\000\040\000d\000\351\000m\000i\000x\000i\000o\000n}{section.2.2}% 17
\BOOKMARK [1][-]{section.2.3}{\376\377\000D\000i\000a\000g\000r\000a\000m\000m\000e\000\040\000b\000i\000n\000a\000i\000r\000e\000\040\000\340\000\040\000f\000u\000s\000e\000a\000u\000\040\000i\000d\000\351\000a\000l}{chapter.2}% 18
\BOOKMARK [2][-]{subsection.2.3.1}{\376\377\000E\000q\000u\000a\000t\000i\000o\000n\000s\000\040\000d\000u\000\040\000l\000i\000q\000u\000i\000d\000u\000s\000\040\000e\000t\000\040\000s\000o\000l\000i\000d\000u\000s}{section.2.3}% 19
\BOOKMARK [3][-]{subsubsection.2.3.1.1}{\376\377\000T\000r\000a\000n\000s\000f\000o\000r\000m\000a\000t\000i\000o\000n\000\040\000\351\000t\000u\000d\000i\000\351\000e}{subsection.2.3.1}% 20
\BOOKMARK [3][-]{subsubsection.2.3.1.2}{\376\377\000E\000q\000u\000a\000t\000i\000o\000n\000\040\000d\000e\000\040\000S\000c\000h\000r\000\366\000d\000e\000r\000-\000v\000a\000n\000\040\000L\000a\000a\000r}{subsection.2.3.1}% 21
\BOOKMARK [2][-]{subsection.2.3.2}{\376\377\000C\000o\000m\000p\000a\000r\000a\000i\000s\000o\000n\000\040\000\340\000\040\000q\000u\000e\000l\000q\000u\000e\000s\000\040\000d\000o\000n\000n\000\351\000e\000s\000\040\000e\000x\000p\000\351\000r\000i\000m\000e\000n\000t\000a\000l\000e\000s}{section.2.3}% 22
\BOOKMARK [2][-]{subsection.2.3.3}{\376\377\000I\000n\000f\000l\000u\000e\000n\000c\000e\000\040\000d\000e\000\040\000p\000a\000r\000a\000m\000\350\000t\000r\000e\000s\000\040\000e\000x\000p\000\351\000r\000i\000m\000e\000n\000t\000a\000u\000x\000\040\000s\000u\000r\000\040\000l\000a\000\040\000f\000o\000r\000m\000e\000\040\000d\000e\000s\000\040\000f\000u\000s\000e\000a\000u\000x}{section.2.3}% 23
\BOOKMARK [1][-]{section.2.4}{\376\377\000D\000i\000a\000g\000r\000a\000m\000m\000e\000\040\000b\000i\000n\000a\000i\000r\000e\000\040\000h\000\351\000t\000\351\000r\000o\000g\000\350\000n\000e\000\040\000i\000d\000\351\000a\000l\000\040\000\340\000\040\000m\000i\000s\000c\000i\000b\000i\000l\000i\000t\000\351\000\040\000n\000u\000l\000l\000e}{chapter.2}% 24
\BOOKMARK [2][-]{subsection.2.4.1}{\376\377\000E\000q\000u\000a\000t\000i\000o\000n\000s\000\040\000d\000u\000\040\000l\000i\000q\000u\000i\000d\000u\000s}{section.2.4}% 25
\BOOKMARK [2][-]{subsection.2.4.2}{\376\377\000C\000o\000m\000p\000a\000r\000a\000i\000s\000o\000n\000\040\000\340\000\040\000q\000u\000e\000l\000q\000u\000e\000s\000\040\000d\000o\000n\000n\000\351\000e\000s\000\040\000e\000x\000p\000\351\000r\000i\000m\000e\000n\000t\000a\000l\000e\000s}{section.2.4}% 26
\BOOKMARK [2][-]{subsection.2.4.3}{\376\377\000I\000n\000f\000l\000u\000e\000n\000c\000e\000\040\000d\000e\000\040\000p\000a\000r\000a\000m\000\350\000t\000r\000e\000s\000\040\000e\000x\000p\000\351\000r\000i\000m\000e\000n\000t\000a\000u\000x\000\040\000s\000u\000r\000\040\000l\000a\000\040\000f\000o\000r\000m\000e\000\040\000d\000e\000s\000\040\000f\000u\000s\000e\000a\000u\000x}{section.2.4}% 27
