\BOOKMARK [0][-]{chapter.1}{Corps purs, phases et \351tats de la mati\350re}{}% 1
\BOOKMARK [1][-]{section.1.1}{Corps, phases et \351tats de la mati\350re}{chapter.1}% 2
\BOOKMARK [2][-]{subsection.1.1.1}{Phases}{section.1.1}% 3
\BOOKMARK [3][-]{subsubsection.1.1.1.1}{D\351finition}{subsection.1.1.1}% 4
\BOOKMARK [3][-]{subsubsection.1.1.1.2}{Transitions de phases}{subsection.1.1.1}% 5
\BOOKMARK [2][-]{subsection.1.1.2}{Corps purs vs m\351langes}{section.1.1}% 6
\BOOKMARK [3][-]{subsubsection.1.1.2.1}{D\351finition}{subsection.1.1.2}% 7
\BOOKMARK [3][-]{subsubsection.1.1.2.2}{Exemples de m\351langes}{subsection.1.1.2}% 8
\BOOKMARK [2][-]{subsection.1.1.3}{Etats de la mati\350re}{section.1.1}% 9
\BOOKMARK [3][-]{subsubsection.1.1.3.1}{D\351finition macroscopique}{subsection.1.1.3}% 10
\BOOKMARK [3][-]{subsubsection.1.1.3.2}{D\351finition microscopique}{subsection.1.1.3}% 11
\BOOKMARK [3][-]{subsubsection.1.1.3.3}{Retour aux transitions de phases}{subsection.1.1.3}% 12
\BOOKMARK [2][-]{subsection.1.1.4}{Transition solide}{section.1.1}% 13
\BOOKMARK [3][-]{subsubsection.1.1.4.1}{Etat cristallin vs \351tat amorphe}{subsection.1.1.4}% 14
\BOOKMARK [3][-]{subsubsection.1.1.4.2}{Polymorphisme / allotropie}{subsection.1.1.4}% 15
\BOOKMARK [1][-]{section.1.2}{Description de l'\351tat et des transformations par la thermodynamique}{chapter.1}% 16
\BOOKMARK [2][-]{subsection.1.2.1}{Repr\351sentation}{section.1.2}% 17
\BOOKMARK [3][-]{subsubsection.1.2.1.1}{Diagramme \(T,P\)}{subsection.1.2.1}% 18
\BOOKMARK [3][-]{subsubsection.1.2.1.2}{Diagramme \(V,P\) \046 \(V, T\)}{subsection.1.2.1}% 19
\BOOKMARK [2][-]{subsection.1.2.2}{Propri\351t\351s thermodynamiques d'une phase, corps pur}{section.1.2}% 20
\BOOKMARK [3][-]{subsubsection.1.2.2.1}{Variables d'\351tat ind\351pendantes}{subsection.1.2.2}% 21
\BOOKMARK [3][-]{subsubsection.1.2.2.2}{C\234fficients calorim\351triques}{subsection.1.2.2}% 22
\BOOKMARK [3][-]{subsubsection.1.2.2.3}{C\234fficients thermo\351lastiques}{subsection.1.2.2}% 23
\BOOKMARK [3][-]{subsubsection.1.2.2.4}{Relation de Mayer}{subsection.1.2.2}% 24
\BOOKMARK [3][-]{subsubsection.1.2.2.5}{Utilisation dans les \351quations d'\351tat}{subsection.1.2.2}% 25
\BOOKMARK [2][-]{subsection.1.2.3}{Description thermodynamique d'un \351chauffement/refroidissement de corps pur}{section.1.2}% 26
\BOOKMARK [3][-]{subsubsection.1.2.3.1}{Variation des fonctions d'\351tat}{subsection.1.2.3}% 27
\BOOKMARK [3][-]{subsubsection.1.2.3.2}{Repr\351sentation}{subsection.1.2.3}% 28
\BOOKMARK [2][-]{subsection.1.2.4}{Description thermodynamique d'une transition de phase de corps pur}{section.1.2}% 29
\BOOKMARK [3][-]{subsubsection.1.2.4.1}{Expression de l'enthalpie libre}{subsection.1.2.4}% 30
\BOOKMARK [3][-]{subsubsection.1.2.4.2}{Syst\350mes monophas\351s}{subsection.1.2.4}% 31
\BOOKMARK [3][-]{subsubsection.1.2.4.3}{Syst\350mes biphas\351s}{subsection.1.2.4}% 32
\BOOKMARK [3][-]{subsubsection.1.2.4.4}{Relation au diagramme \(P,T\) : \351quation de Clapeyron}{subsection.1.2.4}% 33
\BOOKMARK [3][-]{subsubsection.1.2.4.5}{Evolution de G/ autour d'une transition de phase}{subsection.1.2.4}% 34
\BOOKMARK [1][-]{section.1.3}{Retard \340 la transition}{chapter.1}% 35
\BOOKMARK [2][-]{subsection.1.3.1}{M\351tastabilit\351}{section.1.3}% 36
\BOOKMARK [2][-]{subsection.1.3.2}{Origine physique de la m\351tastabilit\351 dans les transitions de phases}{section.1.3}% 37
\BOOKMARK [2][-]{subsection.1.3.3}{Rompre un \351tat de m\351tastabilit\351}{section.1.3}% 38
